

================================================================
== Vivado HLS Report for 'hw_conv'
================================================================
* Date:           Tue Dec  6 11:13:02 2022

* Version:        2018.3 (Build 2405991 on Thu Dec 06 23:56:15 MST 2018)
* Project:        LAB_6
* Solution:       solution1
* Product family: zynq
* Target device:  xc7z020clg400-1


================================================================
== Performance Estimates
================================================================
+ Timing (ns): 
    * Summary: 
    +--------+-------+----------+------------+
    |  Clock | Target| Estimated| Uncertainty|
    +--------+-------+----------+------------+
    |ap_clk  |  10.00|     8.159|        1.25|
    +--------+-------+----------+------------+

+ Latency (clock cycles): 
    * Summary: 
    +-----------+-----------+-----------+-----------+---------+
    |        Latency        |        Interval       | Pipeline|
    |    min    |    max    |    min    |    max    |   Type  |
    +-----------+-----------+-----------+-----------+---------+
    |  134217728|  134217728|  134217728|  134217728|   none  |
    +-----------+-----------+-----------+-----------+---------+

    + Detail: 
        * Instance: 
        N/A

        * Loop: 
        +----------+-----------+-----------+----------+-----------+-----------+--------+----------+
        |          |        Latency        | Iteration|  Initiation Interval  |  Trip  |          |
        | Loop Name|    min    |    max    |  Latency |  achieved |   target  |  Count | Pipelined|
        +----------+-----------+-----------+----------+-----------+-----------+--------+----------+
        |- Loop 1  |  134217727|  134217727|       511|          -|          -|  262657|    no    |
        +----------+-----------+-----------+----------+-----------+-----------+--------+----------+



================================================================
== Utilization Estimates
================================================================
* Summary: 
+-----------------+---------+-------+--------+-------+
|       Name      | BRAM_18K| DSP48E|   FF   |  LUT  |
+-----------------+---------+-------+--------+-------+
|DSP              |        -|      -|       -|      -|
|Expression       |        -|      -|       0|    294|
|FIFO             |        -|      -|       -|      -|
|Instance         |        -|      -|       -|      -|
|Memory           |        2|      -|       0|      0|
|Multiplexer      |        -|      -|       -|  15498|
|Register         |        -|      -|    8867|      -|
+-----------------+---------+-------+--------+-------+
|Total            |        2|      0|    8867|  15792|
+-----------------+---------+-------+--------+-------+
|Available        |      280|    220|  106400|  53200|
+-----------------+---------+-------+--------+-------+
|Utilization (%)  |    ~0   |      0|       8|     29|
+-----------------+---------+-------+--------+-------+

+ Detail: 
    * Instance: 
    N/A

    * DSP48: 
    N/A

    * Memory: 
    +----------+----------------+---------+---+----+------+-----+------+-------------+
    |  Memory  |     Module     | BRAM_18K| FF| LUT| Words| Bits| Banks| W*Bits*Banks|
    +----------+----------------+---------+---+----+------+-----+------+-------------+
    |lbuf_0_U  |hw_conv_lbuf_0  |        1|  0|   0|   509|    8|     1|         4072|
    |lbuf_1_U  |hw_conv_lbuf_0  |        1|  0|   0|   509|    8|     1|         4072|
    +----------+----------------+---------+---+----+------+-----+------+-------------+
    |Total     |                |        2|  0|   0|  1018|   16|     2|         8144|
    +----------+----------------+---------+---+----+------+-----+------+-------------+

    * FIFO: 
    N/A

    * Expression: 
    +--------------------------------+----------+-------+---+----+------------+------------+
    |          Variable Name         | Operation| DSP48E| FF| LUT| Bitwidth P0| Bitwidth P1|
    +--------------------------------+----------+-------+---+----+------------+------------+
    |i_1_fu_9445_p2                  |     +    |      0|  0|  26|          19|           1|
    |result_1_3_fu_9530_p2           |     +    |      0|  0|  14|          10|          10|
    |result_1_8_fu_9605_p2           |     +    |      0|  0|   8|          12|          12|
    |tmp1_fu_9510_p2                 |     +    |      0|  0|  15|           9|           9|
    |tmp2_fu_9520_p2                 |     +    |      0|  0|  15|           9|           9|
    |tmp3_fu_9635_p2                 |     +    |      0|  0|  15|           8|           8|
    |tmp5_fu_9587_p2                 |     +    |      0|  0|   8|          12|          12|
    |tmp6_fu_9595_p2                 |     +    |      0|  0|  14|          10|          10|
    |tmp7_fu_9569_p2                 |     +    |      0|  0|  15|           9|           9|
    |tmp8_fu_9575_p2                 |     +    |      0|  0|  15|           8|           8|
    |tmp9_fu_9641_p2                 |     +    |      0|  0|   8|           8|           8|
    |tmp_6_fu_9646_p2                |     +    |      0|  0|   8|           8|           8|
    |result_1_4_fu_9552_p2           |     -    |      0|  0|  12|          12|          12|
    |ap_block_state510               |    and   |      0|  0|   2|           1|           1|
    |ap_block_state511_io            |    and   |      0|  0|   2|           1|           1|
    |ap_block_state512_io            |    and   |      0|  0|   2|           1|           1|
    |ap_condition_5731               |    and   |      0|  0|   2|           1|           1|
    |sin_V_data_V_0_load_A           |    and   |      0|  0|   2|           1|           1|
    |sin_V_data_V_0_load_B           |    and   |      0|  0|   2|           1|           1|
    |sout_V_data_V_1_load_A          |    and   |      0|  0|   2|           1|           1|
    |sout_V_data_V_1_load_B          |    and   |      0|  0|   2|           1|           1|
    |sout_V_last_V_1_load_A          |    and   |      0|  0|   2|           1|           1|
    |sout_V_last_V_1_load_B          |    and   |      0|  0|   2|           1|           1|
    |exitcond1_fu_9439_p2            |   icmp   |      0|  0|  18|          19|          19|
    |icmp_fu_9621_p2                 |   icmp   |      0|  0|   9|           4|           1|
    |sin_V_data_V_0_state_cmp_full   |   icmp   |      0|  0|   8|           2|           1|
    |sout_V_data_V_1_state_cmp_full  |   icmp   |      0|  0|   8|           2|           1|
    |sout_V_last_V_1_state_cmp_full  |   icmp   |      0|  0|   8|           2|           1|
    |tmp_7_fu_9674_p2                |   icmp   |      0|  0|  18|          19|          10|
    |tmp_last_V_fu_9685_p2           |   icmp   |      0|  0|  18|          19|          19|
    |ap_block_state2                 |    or    |      0|  0|   2|           1|           1|
    |tmp_4_fu_9659_p2                |    or    |      0|  0|   2|           1|           1|
    |phitmp_fu_9651_p3               |  select  |      0|  0|   2|           1|           2|
    |tmp_V_fu_9665_p3                |  select  |      0|  0|   8|           1|           8|
    +--------------------------------+----------+-------+---+----+------------+------------+
    |Total                           |          |      0|  0| 294|         215|         190|
    +--------------------------------+----------+-------+---+----+------------+------------+

    * Multiplexer: 
    +--------------------------------------+------+-----------+-----+-----------+
    |                 Name                 |  LUT | Input Size| Bits| Total Bits|
    +--------------------------------------+------+-----------+-----+-----------+
    |ap_NS_fsm                             |  2193|        513|    1|        513|
    |ap_phi_mux_kbuf_2_2_1_phi_fu_9383_p4  |    15|          3|    8|         24|
    |i_reg_9368                            |     9|          2|   19|         38|
    |kbuf_2_2_1_reg_9380                   |     9|          2|    8|         16|
    |lbuf_0_address0                       |  2181|        509|    9|       4581|
    |lbuf_0_address1                       |  2181|        509|    9|       4581|
    |lbuf_0_d0                             |  1081|        254|    8|       2032|
    |lbuf_0_d1                             |  1085|        255|    8|       2040|
    |lbuf_1_address0                       |  2181|        509|    9|       4581|
    |lbuf_1_address1                       |  2181|        509|    9|       4581|
    |lbuf_1_d0                             |  1081|        254|    8|       2032|
    |lbuf_1_d1                             |  1085|        255|    8|       2040|
    |reg_9400                              |     9|          2|    8|         16|
    |reg_9406                              |     9|          2|    8|         16|
    |reg_9412                              |     9|          2|    8|         16|
    |reg_9418                              |     9|          2|    8|         16|
    |sin_TDATA_blk_n                       |     9|          2|    1|          2|
    |sin_V_data_V_0_data_out               |     9|          2|    8|         16|
    |sin_V_data_V_0_state                  |    15|          3|    2|          6|
    |sin_V_dest_V_0_state                  |    15|          3|    2|          6|
    |sout_TDATA_blk_n                      |     9|          2|    1|          2|
    |sout_V_data_V_1_data_out              |     9|          2|    8|         16|
    |sout_V_data_V_1_state                 |    15|          3|    2|          6|
    |sout_V_dest_V_1_state                 |    15|          3|    2|          6|
    |sout_V_id_V_1_state                   |    15|          3|    2|          6|
    |sout_V_keep_V_1_state                 |    15|          3|    2|          6|
    |sout_V_last_V_1_data_out              |     9|          2|    1|          2|
    |sout_V_last_V_1_state                 |    15|          3|    2|          6|
    |sout_V_strb_V_1_state                 |    15|          3|    2|          6|
    |sout_V_user_V_1_state                 |    15|          3|    2|          6|
    +--------------------------------------+------+-----------+-----+-----------+
    |Total                                 | 15498|       3619|  173|      27215|
    +--------------------------------------+------+-----------+-----+-----------+

    * Register: 
    +---------------------------+-----+----+-----+-----------+
    |            Name           |  FF | LUT| Bits| Const Bits|
    +---------------------------+-----+----+-----+-----------+
    |ap_CS_fsm                  |  512|   0|  512|          0|
    |i_1_reg_15873              |   19|   0|   19|          0|
    |i_reg_9368                 |   19|   0|   19|          0|
    |kbuf_0_0_fu_1122           |    8|   0|    8|          0|
    |kbuf_0_0_load_reg_15844    |    8|   0|    8|          0|
    |kbuf_0_1_fu_1126           |    8|   0|    8|          0|
    |kbuf_0_2_reg_15878         |    8|   0|    8|          0|
    |kbuf_1_0_fu_1134           |    8|   0|    8|          0|
    |kbuf_1_0_load_5_reg_15854  |    8|   0|    8|          0|
    |kbuf_1_0_load_reg_15849    |    8|   0|    8|          0|
    |kbuf_1_0_s_fu_1130         |    8|   0|    8|          0|
    |kbuf_1_1_fu_1138           |    8|   0|    8|          0|
    |kbuf_1_2_reg_15884         |    8|   0|    8|          0|
    |kbuf_2_0_fu_1146           |    8|   0|    8|          0|
    |kbuf_2_0_load_6_reg_15864  |    8|   0|    8|          0|
    |kbuf_2_0_load_reg_15859    |    8|   0|    8|          0|
    |kbuf_2_0_s_fu_1142         |    8|   0|    8|          0|
    |kbuf_2_1_fu_1118           |    8|   0|    8|          0|
    |kbuf_2_2_1_reg_9380        |    8|   0|    8|          0|
    |lbuf_0_load_100_reg_16866  |    8|   0|    8|          0|
    |lbuf_0_load_101_reg_16881  |    8|   0|    8|          0|
    |lbuf_0_load_102_reg_16886  |    8|   0|    8|          0|
    |lbuf_0_load_103_reg_16901  |    8|   0|    8|          0|
    |lbuf_0_load_104_reg_16906  |    8|   0|    8|          0|
    |lbuf_0_load_105_reg_16921  |    8|   0|    8|          0|
    |lbuf_0_load_106_reg_16926  |    8|   0|    8|          0|
    |lbuf_0_load_107_reg_16941  |    8|   0|    8|          0|
    |lbuf_0_load_108_reg_16946  |    8|   0|    8|          0|
    |lbuf_0_load_109_reg_16961  |    8|   0|    8|          0|
    |lbuf_0_load_10_reg_15966   |    8|   0|    8|          0|
    |lbuf_0_load_110_reg_16966  |    8|   0|    8|          0|
    |lbuf_0_load_111_reg_16981  |    8|   0|    8|          0|
    |lbuf_0_load_112_reg_16986  |    8|   0|    8|          0|
    |lbuf_0_load_113_reg_17001  |    8|   0|    8|          0|
    |lbuf_0_load_114_reg_17006  |    8|   0|    8|          0|
    |lbuf_0_load_115_reg_17021  |    8|   0|    8|          0|
    |lbuf_0_load_116_reg_17026  |    8|   0|    8|          0|
    |lbuf_0_load_117_reg_17041  |    8|   0|    8|          0|
    |lbuf_0_load_118_reg_17046  |    8|   0|    8|          0|
    |lbuf_0_load_119_reg_17061  |    8|   0|    8|          0|
    |lbuf_0_load_11_reg_15981   |    8|   0|    8|          0|
    |lbuf_0_load_120_reg_17066  |    8|   0|    8|          0|
    |lbuf_0_load_121_reg_17081  |    8|   0|    8|          0|
    |lbuf_0_load_122_reg_17086  |    8|   0|    8|          0|
    |lbuf_0_load_123_reg_17101  |    8|   0|    8|          0|
    |lbuf_0_load_124_reg_17106  |    8|   0|    8|          0|
    |lbuf_0_load_125_reg_17121  |    8|   0|    8|          0|
    |lbuf_0_load_126_reg_17126  |    8|   0|    8|          0|
    |lbuf_0_load_127_reg_17141  |    8|   0|    8|          0|
    |lbuf_0_load_128_reg_17146  |    8|   0|    8|          0|
    |lbuf_0_load_129_reg_17161  |    8|   0|    8|          0|
    |lbuf_0_load_12_reg_15986   |    8|   0|    8|          0|
    |lbuf_0_load_130_reg_17166  |    8|   0|    8|          0|
    |lbuf_0_load_131_reg_17181  |    8|   0|    8|          0|
    |lbuf_0_load_132_reg_17186  |    8|   0|    8|          0|
    |lbuf_0_load_133_reg_17201  |    8|   0|    8|          0|
    |lbuf_0_load_134_reg_17206  |    8|   0|    8|          0|
    |lbuf_0_load_135_reg_17221  |    8|   0|    8|          0|
    |lbuf_0_load_136_reg_17226  |    8|   0|    8|          0|
    |lbuf_0_load_137_reg_17241  |    8|   0|    8|          0|
    |lbuf_0_load_138_reg_17246  |    8|   0|    8|          0|
    |lbuf_0_load_139_reg_17261  |    8|   0|    8|          0|
    |lbuf_0_load_13_reg_16001   |    8|   0|    8|          0|
    |lbuf_0_load_140_reg_17266  |    8|   0|    8|          0|
    |lbuf_0_load_141_reg_17281  |    8|   0|    8|          0|
    |lbuf_0_load_142_reg_17286  |    8|   0|    8|          0|
    |lbuf_0_load_143_reg_17301  |    8|   0|    8|          0|
    |lbuf_0_load_144_reg_17306  |    8|   0|    8|          0|
    |lbuf_0_load_145_reg_17321  |    8|   0|    8|          0|
    |lbuf_0_load_146_reg_17326  |    8|   0|    8|          0|
    |lbuf_0_load_147_reg_17341  |    8|   0|    8|          0|
    |lbuf_0_load_148_reg_17346  |    8|   0|    8|          0|
    |lbuf_0_load_149_reg_17361  |    8|   0|    8|          0|
    |lbuf_0_load_14_reg_16006   |    8|   0|    8|          0|
    |lbuf_0_load_150_reg_17366  |    8|   0|    8|          0|
    |lbuf_0_load_151_reg_17381  |    8|   0|    8|          0|
    |lbuf_0_load_152_reg_17386  |    8|   0|    8|          0|
    |lbuf_0_load_153_reg_17401  |    8|   0|    8|          0|
    |lbuf_0_load_154_reg_17406  |    8|   0|    8|          0|
    |lbuf_0_load_155_reg_17421  |    8|   0|    8|          0|
    |lbuf_0_load_156_reg_17426  |    8|   0|    8|          0|
    |lbuf_0_load_157_reg_17441  |    8|   0|    8|          0|
    |lbuf_0_load_158_reg_17446  |    8|   0|    8|          0|
    |lbuf_0_load_159_reg_17461  |    8|   0|    8|          0|
    |lbuf_0_load_15_reg_16021   |    8|   0|    8|          0|
    |lbuf_0_load_160_reg_17466  |    8|   0|    8|          0|
    |lbuf_0_load_161_reg_17481  |    8|   0|    8|          0|
    |lbuf_0_load_162_reg_17486  |    8|   0|    8|          0|
    |lbuf_0_load_163_reg_17501  |    8|   0|    8|          0|
    |lbuf_0_load_164_reg_17506  |    8|   0|    8|          0|
    |lbuf_0_load_165_reg_17521  |    8|   0|    8|          0|
    |lbuf_0_load_166_reg_17526  |    8|   0|    8|          0|
    |lbuf_0_load_167_reg_17541  |    8|   0|    8|          0|
    |lbuf_0_load_168_reg_17546  |    8|   0|    8|          0|
    |lbuf_0_load_169_reg_17561  |    8|   0|    8|          0|
    |lbuf_0_load_16_reg_16026   |    8|   0|    8|          0|
    |lbuf_0_load_170_reg_17566  |    8|   0|    8|          0|
    |lbuf_0_load_171_reg_17581  |    8|   0|    8|          0|
    |lbuf_0_load_172_reg_17586  |    8|   0|    8|          0|
    |lbuf_0_load_173_reg_17601  |    8|   0|    8|          0|
    |lbuf_0_load_174_reg_17606  |    8|   0|    8|          0|
    |lbuf_0_load_175_reg_17621  |    8|   0|    8|          0|
    |lbuf_0_load_176_reg_17626  |    8|   0|    8|          0|
    |lbuf_0_load_177_reg_17641  |    8|   0|    8|          0|
    |lbuf_0_load_178_reg_17646  |    8|   0|    8|          0|
    |lbuf_0_load_179_reg_17661  |    8|   0|    8|          0|
    |lbuf_0_load_17_reg_16041   |    8|   0|    8|          0|
    |lbuf_0_load_180_reg_17666  |    8|   0|    8|          0|
    |lbuf_0_load_181_reg_17681  |    8|   0|    8|          0|
    |lbuf_0_load_182_reg_17686  |    8|   0|    8|          0|
    |lbuf_0_load_183_reg_17701  |    8|   0|    8|          0|
    |lbuf_0_load_184_reg_17706  |    8|   0|    8|          0|
    |lbuf_0_load_185_reg_17721  |    8|   0|    8|          0|
    |lbuf_0_load_186_reg_17726  |    8|   0|    8|          0|
    |lbuf_0_load_187_reg_17741  |    8|   0|    8|          0|
    |lbuf_0_load_188_reg_17746  |    8|   0|    8|          0|
    |lbuf_0_load_189_reg_17761  |    8|   0|    8|          0|
    |lbuf_0_load_18_reg_16046   |    8|   0|    8|          0|
    |lbuf_0_load_190_reg_17766  |    8|   0|    8|          0|
    |lbuf_0_load_191_reg_17781  |    8|   0|    8|          0|
    |lbuf_0_load_192_reg_17786  |    8|   0|    8|          0|
    |lbuf_0_load_193_reg_17801  |    8|   0|    8|          0|
    |lbuf_0_load_194_reg_17806  |    8|   0|    8|          0|
    |lbuf_0_load_195_reg_17821  |    8|   0|    8|          0|
    |lbuf_0_load_196_reg_17826  |    8|   0|    8|          0|
    |lbuf_0_load_197_reg_17841  |    8|   0|    8|          0|
    |lbuf_0_load_198_reg_17846  |    8|   0|    8|          0|
    |lbuf_0_load_199_reg_17861  |    8|   0|    8|          0|
    |lbuf_0_load_19_reg_16061   |    8|   0|    8|          0|
    |lbuf_0_load_200_reg_17866  |    8|   0|    8|          0|
    |lbuf_0_load_201_reg_17881  |    8|   0|    8|          0|
    |lbuf_0_load_202_reg_17886  |    8|   0|    8|          0|
    |lbuf_0_load_203_reg_17901  |    8|   0|    8|          0|
    |lbuf_0_load_204_reg_17906  |    8|   0|    8|          0|
    |lbuf_0_load_205_reg_17921  |    8|   0|    8|          0|
    |lbuf_0_load_206_reg_17926  |    8|   0|    8|          0|
    |lbuf_0_load_207_reg_17941  |    8|   0|    8|          0|
    |lbuf_0_load_208_reg_17946  |    8|   0|    8|          0|
    |lbuf_0_load_209_reg_17961  |    8|   0|    8|          0|
    |lbuf_0_load_20_reg_16066   |    8|   0|    8|          0|
    |lbuf_0_load_210_reg_17966  |    8|   0|    8|          0|
    |lbuf_0_load_211_reg_17981  |    8|   0|    8|          0|
    |lbuf_0_load_212_reg_17986  |    8|   0|    8|          0|
    |lbuf_0_load_213_reg_18001  |    8|   0|    8|          0|
    |lbuf_0_load_214_reg_18006  |    8|   0|    8|          0|
    |lbuf_0_load_215_reg_18021  |    8|   0|    8|          0|
    |lbuf_0_load_216_reg_18026  |    8|   0|    8|          0|
    |lbuf_0_load_217_reg_18041  |    8|   0|    8|          0|
    |lbuf_0_load_218_reg_18046  |    8|   0|    8|          0|
    |lbuf_0_load_219_reg_18061  |    8|   0|    8|          0|
    |lbuf_0_load_21_reg_16081   |    8|   0|    8|          0|
    |lbuf_0_load_220_reg_18066  |    8|   0|    8|          0|
    |lbuf_0_load_221_reg_18081  |    8|   0|    8|          0|
    |lbuf_0_load_222_reg_18086  |    8|   0|    8|          0|
    |lbuf_0_load_223_reg_18101  |    8|   0|    8|          0|
    |lbuf_0_load_224_reg_18106  |    8|   0|    8|          0|
    |lbuf_0_load_225_reg_18121  |    8|   0|    8|          0|
    |lbuf_0_load_226_reg_18126  |    8|   0|    8|          0|
    |lbuf_0_load_227_reg_18141  |    8|   0|    8|          0|
    |lbuf_0_load_228_reg_18146  |    8|   0|    8|          0|
    |lbuf_0_load_229_reg_18161  |    8|   0|    8|          0|
    |lbuf_0_load_22_reg_16086   |    8|   0|    8|          0|
    |lbuf_0_load_230_reg_18166  |    8|   0|    8|          0|
    |lbuf_0_load_231_reg_18181  |    8|   0|    8|          0|
    |lbuf_0_load_232_reg_18186  |    8|   0|    8|          0|
    |lbuf_0_load_233_reg_18201  |    8|   0|    8|          0|
    |lbuf_0_load_234_reg_18206  |    8|   0|    8|          0|
    |lbuf_0_load_235_reg_18221  |    8|   0|    8|          0|
    |lbuf_0_load_236_reg_18226  |    8|   0|    8|          0|
    |lbuf_0_load_237_reg_18241  |    8|   0|    8|          0|
    |lbuf_0_load_238_reg_18246  |    8|   0|    8|          0|
    |lbuf_0_load_239_reg_18261  |    8|   0|    8|          0|
    |lbuf_0_load_23_reg_16101   |    8|   0|    8|          0|
    |lbuf_0_load_240_reg_18266  |    8|   0|    8|          0|
    |lbuf_0_load_241_reg_18281  |    8|   0|    8|          0|
    |lbuf_0_load_242_reg_18286  |    8|   0|    8|          0|
    |lbuf_0_load_243_reg_18301  |    8|   0|    8|          0|
    |lbuf_0_load_244_reg_18306  |    8|   0|    8|          0|
    |lbuf_0_load_245_reg_18321  |    8|   0|    8|          0|
    |lbuf_0_load_246_reg_18326  |    8|   0|    8|          0|
    |lbuf_0_load_247_reg_18341  |    8|   0|    8|          0|
    |lbuf_0_load_248_reg_18346  |    8|   0|    8|          0|
    |lbuf_0_load_249_reg_18361  |    8|   0|    8|          0|
    |lbuf_0_load_24_reg_16106   |    8|   0|    8|          0|
    |lbuf_0_load_250_reg_18366  |    8|   0|    8|          0|
    |lbuf_0_load_251_reg_18381  |    8|   0|    8|          0|
    |lbuf_0_load_252_reg_18386  |    8|   0|    8|          0|
    |lbuf_0_load_253_reg_18401  |    8|   0|    8|          0|
    |lbuf_0_load_254_reg_18406  |    8|   0|    8|          0|
    |lbuf_0_load_255_reg_18421  |    8|   0|    8|          0|
    |lbuf_0_load_256_reg_18426  |    8|   0|    8|          0|
    |lbuf_0_load_257_reg_18441  |    8|   0|    8|          0|
    |lbuf_0_load_258_reg_18446  |    8|   0|    8|          0|
    |lbuf_0_load_259_reg_18461  |    8|   0|    8|          0|
    |lbuf_0_load_25_reg_16121   |    8|   0|    8|          0|
    |lbuf_0_load_260_reg_18466  |    8|   0|    8|          0|
    |lbuf_0_load_261_reg_18481  |    8|   0|    8|          0|
    |lbuf_0_load_262_reg_18486  |    8|   0|    8|          0|
    |lbuf_0_load_263_reg_18501  |    8|   0|    8|          0|
    |lbuf_0_load_264_reg_18506  |    8|   0|    8|          0|
    |lbuf_0_load_265_reg_18521  |    8|   0|    8|          0|
    |lbuf_0_load_266_reg_18526  |    8|   0|    8|          0|
    |lbuf_0_load_267_reg_18541  |    8|   0|    8|          0|
    |lbuf_0_load_268_reg_18546  |    8|   0|    8|          0|
    |lbuf_0_load_269_reg_18561  |    8|   0|    8|          0|
    |lbuf_0_load_26_reg_16126   |    8|   0|    8|          0|
    |lbuf_0_load_270_reg_18566  |    8|   0|    8|          0|
    |lbuf_0_load_271_reg_18581  |    8|   0|    8|          0|
    |lbuf_0_load_272_reg_18586  |    8|   0|    8|          0|
    |lbuf_0_load_273_reg_18601  |    8|   0|    8|          0|
    |lbuf_0_load_274_reg_18606  |    8|   0|    8|          0|
    |lbuf_0_load_275_reg_18621  |    8|   0|    8|          0|
    |lbuf_0_load_276_reg_18626  |    8|   0|    8|          0|
    |lbuf_0_load_277_reg_18641  |    8|   0|    8|          0|
    |lbuf_0_load_278_reg_18646  |    8|   0|    8|          0|
    |lbuf_0_load_279_reg_18661  |    8|   0|    8|          0|
    |lbuf_0_load_27_reg_16141   |    8|   0|    8|          0|
    |lbuf_0_load_280_reg_18666  |    8|   0|    8|          0|
    |lbuf_0_load_281_reg_18681  |    8|   0|    8|          0|
    |lbuf_0_load_282_reg_18686  |    8|   0|    8|          0|
    |lbuf_0_load_283_reg_18701  |    8|   0|    8|          0|
    |lbuf_0_load_284_reg_18706  |    8|   0|    8|          0|
    |lbuf_0_load_285_reg_18721  |    8|   0|    8|          0|
    |lbuf_0_load_286_reg_18726  |    8|   0|    8|          0|
    |lbuf_0_load_287_reg_18741  |    8|   0|    8|          0|
    |lbuf_0_load_288_reg_18746  |    8|   0|    8|          0|
    |lbuf_0_load_289_reg_18761  |    8|   0|    8|          0|
    |lbuf_0_load_28_reg_16146   |    8|   0|    8|          0|
    |lbuf_0_load_290_reg_18766  |    8|   0|    8|          0|
    |lbuf_0_load_291_reg_18781  |    8|   0|    8|          0|
    |lbuf_0_load_292_reg_18786  |    8|   0|    8|          0|
    |lbuf_0_load_293_reg_18801  |    8|   0|    8|          0|
    |lbuf_0_load_294_reg_18806  |    8|   0|    8|          0|
    |lbuf_0_load_295_reg_18821  |    8|   0|    8|          0|
    |lbuf_0_load_296_reg_18826  |    8|   0|    8|          0|
    |lbuf_0_load_297_reg_18841  |    8|   0|    8|          0|
    |lbuf_0_load_298_reg_18846  |    8|   0|    8|          0|
    |lbuf_0_load_299_reg_18861  |    8|   0|    8|          0|
    |lbuf_0_load_29_reg_16161   |    8|   0|    8|          0|
    |lbuf_0_load_2_reg_15891    |    8|   0|    8|          0|
    |lbuf_0_load_300_reg_18866  |    8|   0|    8|          0|
    |lbuf_0_load_301_reg_18881  |    8|   0|    8|          0|
    |lbuf_0_load_302_reg_18886  |    8|   0|    8|          0|
    |lbuf_0_load_303_reg_18901  |    8|   0|    8|          0|
    |lbuf_0_load_304_reg_18906  |    8|   0|    8|          0|
    |lbuf_0_load_305_reg_18921  |    8|   0|    8|          0|
    |lbuf_0_load_306_reg_18926  |    8|   0|    8|          0|
    |lbuf_0_load_307_reg_18941  |    8|   0|    8|          0|
    |lbuf_0_load_308_reg_18946  |    8|   0|    8|          0|
    |lbuf_0_load_309_reg_18961  |    8|   0|    8|          0|
    |lbuf_0_load_30_reg_16166   |    8|   0|    8|          0|
    |lbuf_0_load_310_reg_18966  |    8|   0|    8|          0|
    |lbuf_0_load_311_reg_18981  |    8|   0|    8|          0|
    |lbuf_0_load_312_reg_18986  |    8|   0|    8|          0|
    |lbuf_0_load_313_reg_19001  |    8|   0|    8|          0|
    |lbuf_0_load_314_reg_19006  |    8|   0|    8|          0|
    |lbuf_0_load_315_reg_19021  |    8|   0|    8|          0|
    |lbuf_0_load_316_reg_19026  |    8|   0|    8|          0|
    |lbuf_0_load_317_reg_19041  |    8|   0|    8|          0|
    |lbuf_0_load_318_reg_19046  |    8|   0|    8|          0|
    |lbuf_0_load_319_reg_19061  |    8|   0|    8|          0|
    |lbuf_0_load_31_reg_16181   |    8|   0|    8|          0|
    |lbuf_0_load_320_reg_19066  |    8|   0|    8|          0|
    |lbuf_0_load_321_reg_19081  |    8|   0|    8|          0|
    |lbuf_0_load_322_reg_19086  |    8|   0|    8|          0|
    |lbuf_0_load_323_reg_19101  |    8|   0|    8|          0|
    |lbuf_0_load_324_reg_19106  |    8|   0|    8|          0|
    |lbuf_0_load_325_reg_19121  |    8|   0|    8|          0|
    |lbuf_0_load_326_reg_19126  |    8|   0|    8|          0|
    |lbuf_0_load_327_reg_19141  |    8|   0|    8|          0|
    |lbuf_0_load_328_reg_19146  |    8|   0|    8|          0|
    |lbuf_0_load_329_reg_19161  |    8|   0|    8|          0|
    |lbuf_0_load_32_reg_16186   |    8|   0|    8|          0|
    |lbuf_0_load_330_reg_19166  |    8|   0|    8|          0|
    |lbuf_0_load_331_reg_19181  |    8|   0|    8|          0|
    |lbuf_0_load_332_reg_19186  |    8|   0|    8|          0|
    |lbuf_0_load_333_reg_19201  |    8|   0|    8|          0|
    |lbuf_0_load_334_reg_19206  |    8|   0|    8|          0|
    |lbuf_0_load_335_reg_19221  |    8|   0|    8|          0|
    |lbuf_0_load_336_reg_19226  |    8|   0|    8|          0|
    |lbuf_0_load_337_reg_19241  |    8|   0|    8|          0|
    |lbuf_0_load_338_reg_19246  |    8|   0|    8|          0|
    |lbuf_0_load_339_reg_19261  |    8|   0|    8|          0|
    |lbuf_0_load_33_reg_16201   |    8|   0|    8|          0|
    |lbuf_0_load_340_reg_19266  |    8|   0|    8|          0|
    |lbuf_0_load_341_reg_19281  |    8|   0|    8|          0|
    |lbuf_0_load_342_reg_19286  |    8|   0|    8|          0|
    |lbuf_0_load_343_reg_19301  |    8|   0|    8|          0|
    |lbuf_0_load_344_reg_19306  |    8|   0|    8|          0|
    |lbuf_0_load_345_reg_19321  |    8|   0|    8|          0|
    |lbuf_0_load_346_reg_19326  |    8|   0|    8|          0|
    |lbuf_0_load_347_reg_19341  |    8|   0|    8|          0|
    |lbuf_0_load_348_reg_19346  |    8|   0|    8|          0|
    |lbuf_0_load_349_reg_19361  |    8|   0|    8|          0|
    |lbuf_0_load_34_reg_16206   |    8|   0|    8|          0|
    |lbuf_0_load_350_reg_19366  |    8|   0|    8|          0|
    |lbuf_0_load_351_reg_19381  |    8|   0|    8|          0|
    |lbuf_0_load_352_reg_19386  |    8|   0|    8|          0|
    |lbuf_0_load_353_reg_19401  |    8|   0|    8|          0|
    |lbuf_0_load_354_reg_19406  |    8|   0|    8|          0|
    |lbuf_0_load_355_reg_19421  |    8|   0|    8|          0|
    |lbuf_0_load_356_reg_19426  |    8|   0|    8|          0|
    |lbuf_0_load_357_reg_19441  |    8|   0|    8|          0|
    |lbuf_0_load_358_reg_19446  |    8|   0|    8|          0|
    |lbuf_0_load_359_reg_19461  |    8|   0|    8|          0|
    |lbuf_0_load_35_reg_16221   |    8|   0|    8|          0|
    |lbuf_0_load_360_reg_19466  |    8|   0|    8|          0|
    |lbuf_0_load_361_reg_19481  |    8|   0|    8|          0|
    |lbuf_0_load_362_reg_19486  |    8|   0|    8|          0|
    |lbuf_0_load_363_reg_19501  |    8|   0|    8|          0|
    |lbuf_0_load_364_reg_19506  |    8|   0|    8|          0|
    |lbuf_0_load_365_reg_19521  |    8|   0|    8|          0|
    |lbuf_0_load_366_reg_19526  |    8|   0|    8|          0|
    |lbuf_0_load_367_reg_19541  |    8|   0|    8|          0|
    |lbuf_0_load_368_reg_19546  |    8|   0|    8|          0|
    |lbuf_0_load_369_reg_19561  |    8|   0|    8|          0|
    |lbuf_0_load_36_reg_16226   |    8|   0|    8|          0|
    |lbuf_0_load_370_reg_19566  |    8|   0|    8|          0|
    |lbuf_0_load_371_reg_19581  |    8|   0|    8|          0|
    |lbuf_0_load_372_reg_19586  |    8|   0|    8|          0|
    |lbuf_0_load_373_reg_19601  |    8|   0|    8|          0|
    |lbuf_0_load_374_reg_19606  |    8|   0|    8|          0|
    |lbuf_0_load_375_reg_19621  |    8|   0|    8|          0|
    |lbuf_0_load_376_reg_19626  |    8|   0|    8|          0|
    |lbuf_0_load_377_reg_19641  |    8|   0|    8|          0|
    |lbuf_0_load_378_reg_19646  |    8|   0|    8|          0|
    |lbuf_0_load_379_reg_19661  |    8|   0|    8|          0|
    |lbuf_0_load_37_reg_16241   |    8|   0|    8|          0|
    |lbuf_0_load_380_reg_19666  |    8|   0|    8|          0|
    |lbuf_0_load_381_reg_19681  |    8|   0|    8|          0|
    |lbuf_0_load_382_reg_19686  |    8|   0|    8|          0|
    |lbuf_0_load_383_reg_19701  |    8|   0|    8|          0|
    |lbuf_0_load_384_reg_19706  |    8|   0|    8|          0|
    |lbuf_0_load_385_reg_19721  |    8|   0|    8|          0|
    |lbuf_0_load_386_reg_19726  |    8|   0|    8|          0|
    |lbuf_0_load_387_reg_19741  |    8|   0|    8|          0|
    |lbuf_0_load_388_reg_19746  |    8|   0|    8|          0|
    |lbuf_0_load_389_reg_19761  |    8|   0|    8|          0|
    |lbuf_0_load_38_reg_16246   |    8|   0|    8|          0|
    |lbuf_0_load_390_reg_19766  |    8|   0|    8|          0|
    |lbuf_0_load_391_reg_19781  |    8|   0|    8|          0|
    |lbuf_0_load_392_reg_19786  |    8|   0|    8|          0|
    |lbuf_0_load_393_reg_19801  |    8|   0|    8|          0|
    |lbuf_0_load_394_reg_19806  |    8|   0|    8|          0|
    |lbuf_0_load_395_reg_19821  |    8|   0|    8|          0|
    |lbuf_0_load_396_reg_19826  |    8|   0|    8|          0|
    |lbuf_0_load_397_reg_19841  |    8|   0|    8|          0|
    |lbuf_0_load_398_reg_19846  |    8|   0|    8|          0|
    |lbuf_0_load_399_reg_19861  |    8|   0|    8|          0|
    |lbuf_0_load_39_reg_16261   |    8|   0|    8|          0|
    |lbuf_0_load_3_reg_15901    |    8|   0|    8|          0|
    |lbuf_0_load_400_reg_19866  |    8|   0|    8|          0|
    |lbuf_0_load_401_reg_19881  |    8|   0|    8|          0|
    |lbuf_0_load_402_reg_19886  |    8|   0|    8|          0|
    |lbuf_0_load_403_reg_19901  |    8|   0|    8|          0|
    |lbuf_0_load_404_reg_19906  |    8|   0|    8|          0|
    |lbuf_0_load_405_reg_19921  |    8|   0|    8|          0|
    |lbuf_0_load_406_reg_19926  |    8|   0|    8|          0|
    |lbuf_0_load_407_reg_19941  |    8|   0|    8|          0|
    |lbuf_0_load_408_reg_19946  |    8|   0|    8|          0|
    |lbuf_0_load_409_reg_19961  |    8|   0|    8|          0|
    |lbuf_0_load_40_reg_16266   |    8|   0|    8|          0|
    |lbuf_0_load_410_reg_19966  |    8|   0|    8|          0|
    |lbuf_0_load_411_reg_19981  |    8|   0|    8|          0|
    |lbuf_0_load_412_reg_19986  |    8|   0|    8|          0|
    |lbuf_0_load_413_reg_20001  |    8|   0|    8|          0|
    |lbuf_0_load_414_reg_20006  |    8|   0|    8|          0|
    |lbuf_0_load_415_reg_20021  |    8|   0|    8|          0|
    |lbuf_0_load_416_reg_20026  |    8|   0|    8|          0|
    |lbuf_0_load_417_reg_20041  |    8|   0|    8|          0|
    |lbuf_0_load_418_reg_20046  |    8|   0|    8|          0|
    |lbuf_0_load_419_reg_20061  |    8|   0|    8|          0|
    |lbuf_0_load_41_reg_16281   |    8|   0|    8|          0|
    |lbuf_0_load_420_reg_20066  |    8|   0|    8|          0|
    |lbuf_0_load_421_reg_20081  |    8|   0|    8|          0|
    |lbuf_0_load_422_reg_20086  |    8|   0|    8|          0|
    |lbuf_0_load_423_reg_20101  |    8|   0|    8|          0|
    |lbuf_0_load_424_reg_20106  |    8|   0|    8|          0|
    |lbuf_0_load_425_reg_20121  |    8|   0|    8|          0|
    |lbuf_0_load_426_reg_20126  |    8|   0|    8|          0|
    |lbuf_0_load_427_reg_20141  |    8|   0|    8|          0|
    |lbuf_0_load_428_reg_20146  |    8|   0|    8|          0|
    |lbuf_0_load_429_reg_20161  |    8|   0|    8|          0|
    |lbuf_0_load_42_reg_16286   |    8|   0|    8|          0|
    |lbuf_0_load_430_reg_20166  |    8|   0|    8|          0|
    |lbuf_0_load_431_reg_20181  |    8|   0|    8|          0|
    |lbuf_0_load_432_reg_20186  |    8|   0|    8|          0|
    |lbuf_0_load_433_reg_20201  |    8|   0|    8|          0|
    |lbuf_0_load_434_reg_20206  |    8|   0|    8|          0|
    |lbuf_0_load_435_reg_20221  |    8|   0|    8|          0|
    |lbuf_0_load_436_reg_20226  |    8|   0|    8|          0|
    |lbuf_0_load_437_reg_20241  |    8|   0|    8|          0|
    |lbuf_0_load_438_reg_20246  |    8|   0|    8|          0|
    |lbuf_0_load_439_reg_20261  |    8|   0|    8|          0|
    |lbuf_0_load_43_reg_16301   |    8|   0|    8|          0|
    |lbuf_0_load_440_reg_20266  |    8|   0|    8|          0|
    |lbuf_0_load_441_reg_20281  |    8|   0|    8|          0|
    |lbuf_0_load_442_reg_20286  |    8|   0|    8|          0|
    |lbuf_0_load_443_reg_20301  |    8|   0|    8|          0|
    |lbuf_0_load_444_reg_20306  |    8|   0|    8|          0|
    |lbuf_0_load_445_reg_20321  |    8|   0|    8|          0|
    |lbuf_0_load_446_reg_20326  |    8|   0|    8|          0|
    |lbuf_0_load_447_reg_20341  |    8|   0|    8|          0|
    |lbuf_0_load_448_reg_20346  |    8|   0|    8|          0|
    |lbuf_0_load_449_reg_20361  |    8|   0|    8|          0|
    |lbuf_0_load_44_reg_16306   |    8|   0|    8|          0|
    |lbuf_0_load_450_reg_20366  |    8|   0|    8|          0|
    |lbuf_0_load_451_reg_20381  |    8|   0|    8|          0|
    |lbuf_0_load_452_reg_20386  |    8|   0|    8|          0|
    |lbuf_0_load_453_reg_20401  |    8|   0|    8|          0|
    |lbuf_0_load_454_reg_20406  |    8|   0|    8|          0|
    |lbuf_0_load_455_reg_20421  |    8|   0|    8|          0|
    |lbuf_0_load_456_reg_20426  |    8|   0|    8|          0|
    |lbuf_0_load_457_reg_20441  |    8|   0|    8|          0|
    |lbuf_0_load_458_reg_20446  |    8|   0|    8|          0|
    |lbuf_0_load_459_reg_20461  |    8|   0|    8|          0|
    |lbuf_0_load_45_reg_16321   |    8|   0|    8|          0|
    |lbuf_0_load_460_reg_20466  |    8|   0|    8|          0|
    |lbuf_0_load_461_reg_20481  |    8|   0|    8|          0|
    |lbuf_0_load_462_reg_20486  |    8|   0|    8|          0|
    |lbuf_0_load_463_reg_20501  |    8|   0|    8|          0|
    |lbuf_0_load_464_reg_20506  |    8|   0|    8|          0|
    |lbuf_0_load_465_reg_20521  |    8|   0|    8|          0|
    |lbuf_0_load_466_reg_20526  |    8|   0|    8|          0|
    |lbuf_0_load_467_reg_20541  |    8|   0|    8|          0|
    |lbuf_0_load_468_reg_20546  |    8|   0|    8|          0|
    |lbuf_0_load_469_reg_20561  |    8|   0|    8|          0|
    |lbuf_0_load_46_reg_16326   |    8|   0|    8|          0|
    |lbuf_0_load_470_reg_20566  |    8|   0|    8|          0|
    |lbuf_0_load_471_reg_20581  |    8|   0|    8|          0|
    |lbuf_0_load_472_reg_20586  |    8|   0|    8|          0|
    |lbuf_0_load_473_reg_20601  |    8|   0|    8|          0|
    |lbuf_0_load_474_reg_20606  |    8|   0|    8|          0|
    |lbuf_0_load_475_reg_20621  |    8|   0|    8|          0|
    |lbuf_0_load_476_reg_20626  |    8|   0|    8|          0|
    |lbuf_0_load_477_reg_20641  |    8|   0|    8|          0|
    |lbuf_0_load_478_reg_20646  |    8|   0|    8|          0|
    |lbuf_0_load_479_reg_20661  |    8|   0|    8|          0|
    |lbuf_0_load_47_reg_16341   |    8|   0|    8|          0|
    |lbuf_0_load_480_reg_20666  |    8|   0|    8|          0|
    |lbuf_0_load_481_reg_20681  |    8|   0|    8|          0|
    |lbuf_0_load_482_reg_20686  |    8|   0|    8|          0|
    |lbuf_0_load_483_reg_20701  |    8|   0|    8|          0|
    |lbuf_0_load_484_reg_20706  |    8|   0|    8|          0|
    |lbuf_0_load_485_reg_20721  |    8|   0|    8|          0|
    |lbuf_0_load_486_reg_20726  |    8|   0|    8|          0|
    |lbuf_0_load_487_reg_20741  |    8|   0|    8|          0|
    |lbuf_0_load_488_reg_20746  |    8|   0|    8|          0|
    |lbuf_0_load_489_reg_20761  |    8|   0|    8|          0|
    |lbuf_0_load_48_reg_16346   |    8|   0|    8|          0|
    |lbuf_0_load_490_reg_20766  |    8|   0|    8|          0|
    |lbuf_0_load_491_reg_20781  |    8|   0|    8|          0|
    |lbuf_0_load_492_reg_20786  |    8|   0|    8|          0|
    |lbuf_0_load_493_reg_20801  |    8|   0|    8|          0|
    |lbuf_0_load_494_reg_20806  |    8|   0|    8|          0|
    |lbuf_0_load_495_reg_20821  |    8|   0|    8|          0|
    |lbuf_0_load_496_reg_20826  |    8|   0|    8|          0|
    |lbuf_0_load_497_reg_20841  |    8|   0|    8|          0|
    |lbuf_0_load_498_reg_20846  |    8|   0|    8|          0|
    |lbuf_0_load_499_reg_20861  |    8|   0|    8|          0|
    |lbuf_0_load_49_reg_16361   |    8|   0|    8|          0|
    |lbuf_0_load_4_reg_15906    |    8|   0|    8|          0|
    |lbuf_0_load_500_reg_20866  |    8|   0|    8|          0|
    |lbuf_0_load_501_reg_20881  |    8|   0|    8|          0|
    |lbuf_0_load_502_reg_20886  |    8|   0|    8|          0|
    |lbuf_0_load_503_reg_20901  |    8|   0|    8|          0|
    |lbuf_0_load_504_reg_20906  |    8|   0|    8|          0|
    |lbuf_0_load_506_reg_20921  |    8|   0|    8|          0|
    |lbuf_0_load_50_reg_16366   |    8|   0|    8|          0|
    |lbuf_0_load_51_reg_16381   |    8|   0|    8|          0|
    |lbuf_0_load_52_reg_16386   |    8|   0|    8|          0|
    |lbuf_0_load_53_reg_16401   |    8|   0|    8|          0|
    |lbuf_0_load_54_reg_16406   |    8|   0|    8|          0|
    |lbuf_0_load_55_reg_16421   |    8|   0|    8|          0|
    |lbuf_0_load_56_reg_16426   |    8|   0|    8|          0|
    |lbuf_0_load_57_reg_16441   |    8|   0|    8|          0|
    |lbuf_0_load_58_reg_16446   |    8|   0|    8|          0|
    |lbuf_0_load_59_reg_16461   |    8|   0|    8|          0|
    |lbuf_0_load_5_reg_15921    |    8|   0|    8|          0|
    |lbuf_0_load_60_reg_16466   |    8|   0|    8|          0|
    |lbuf_0_load_61_reg_16481   |    8|   0|    8|          0|
    |lbuf_0_load_62_reg_16486   |    8|   0|    8|          0|
    |lbuf_0_load_63_reg_16501   |    8|   0|    8|          0|
    |lbuf_0_load_64_reg_16506   |    8|   0|    8|          0|
    |lbuf_0_load_65_reg_16521   |    8|   0|    8|          0|
    |lbuf_0_load_66_reg_16526   |    8|   0|    8|          0|
    |lbuf_0_load_67_reg_16541   |    8|   0|    8|          0|
    |lbuf_0_load_68_reg_16546   |    8|   0|    8|          0|
    |lbuf_0_load_69_reg_16561   |    8|   0|    8|          0|
    |lbuf_0_load_6_reg_15926    |    8|   0|    8|          0|
    |lbuf_0_load_70_reg_16566   |    8|   0|    8|          0|
    |lbuf_0_load_71_reg_16581   |    8|   0|    8|          0|
    |lbuf_0_load_72_reg_16586   |    8|   0|    8|          0|
    |lbuf_0_load_73_reg_16601   |    8|   0|    8|          0|
    |lbuf_0_load_74_reg_16606   |    8|   0|    8|          0|
    |lbuf_0_load_75_reg_16621   |    8|   0|    8|          0|
    |lbuf_0_load_76_reg_16626   |    8|   0|    8|          0|
    |lbuf_0_load_77_reg_16641   |    8|   0|    8|          0|
    |lbuf_0_load_78_reg_16646   |    8|   0|    8|          0|
    |lbuf_0_load_79_reg_16661   |    8|   0|    8|          0|
    |lbuf_0_load_7_reg_15941    |    8|   0|    8|          0|
    |lbuf_0_load_80_reg_16666   |    8|   0|    8|          0|
    |lbuf_0_load_81_reg_16681   |    8|   0|    8|          0|
    |lbuf_0_load_82_reg_16686   |    8|   0|    8|          0|
    |lbuf_0_load_83_reg_16701   |    8|   0|    8|          0|
    |lbuf_0_load_84_reg_16706   |    8|   0|    8|          0|
    |lbuf_0_load_85_reg_16721   |    8|   0|    8|          0|
    |lbuf_0_load_86_reg_16726   |    8|   0|    8|          0|
    |lbuf_0_load_87_reg_16741   |    8|   0|    8|          0|
    |lbuf_0_load_88_reg_16746   |    8|   0|    8|          0|
    |lbuf_0_load_89_reg_16761   |    8|   0|    8|          0|
    |lbuf_0_load_8_reg_15946    |    8|   0|    8|          0|
    |lbuf_0_load_90_reg_16766   |    8|   0|    8|          0|
    |lbuf_0_load_91_reg_16781   |    8|   0|    8|          0|
    |lbuf_0_load_92_reg_16786   |    8|   0|    8|          0|
    |lbuf_0_load_93_reg_16801   |    8|   0|    8|          0|
    |lbuf_0_load_94_reg_16806   |    8|   0|    8|          0|
    |lbuf_0_load_95_reg_16821   |    8|   0|    8|          0|
    |lbuf_0_load_96_reg_16826   |    8|   0|    8|          0|
    |lbuf_0_load_97_reg_16841   |    8|   0|    8|          0|
    |lbuf_0_load_98_reg_16846   |    8|   0|    8|          0|
    |lbuf_0_load_99_reg_16861   |    8|   0|    8|          0|
    |lbuf_0_load_9_reg_15961    |    8|   0|    8|          0|
    |lbuf_1_load_100_reg_16876  |    8|   0|    8|          0|
    |lbuf_1_load_101_reg_16891  |    8|   0|    8|          0|
    |lbuf_1_load_102_reg_16896  |    8|   0|    8|          0|
    |lbuf_1_load_103_reg_16911  |    8|   0|    8|          0|
    |lbuf_1_load_104_reg_16916  |    8|   0|    8|          0|
    |lbuf_1_load_105_reg_16931  |    8|   0|    8|          0|
    |lbuf_1_load_106_reg_16936  |    8|   0|    8|          0|
    |lbuf_1_load_107_reg_16951  |    8|   0|    8|          0|
    |lbuf_1_load_108_reg_16956  |    8|   0|    8|          0|
    |lbuf_1_load_109_reg_16971  |    8|   0|    8|          0|
    |lbuf_1_load_10_reg_15976   |    8|   0|    8|          0|
    |lbuf_1_load_110_reg_16976  |    8|   0|    8|          0|
    |lbuf_1_load_111_reg_16991  |    8|   0|    8|          0|
    |lbuf_1_load_112_reg_16996  |    8|   0|    8|          0|
    |lbuf_1_load_113_reg_17011  |    8|   0|    8|          0|
    |lbuf_1_load_114_reg_17016  |    8|   0|    8|          0|
    |lbuf_1_load_115_reg_17031  |    8|   0|    8|          0|
    |lbuf_1_load_116_reg_17036  |    8|   0|    8|          0|
    |lbuf_1_load_117_reg_17051  |    8|   0|    8|          0|
    |lbuf_1_load_118_reg_17056  |    8|   0|    8|          0|
    |lbuf_1_load_119_reg_17071  |    8|   0|    8|          0|
    |lbuf_1_load_11_reg_15991   |    8|   0|    8|          0|
    |lbuf_1_load_120_reg_17076  |    8|   0|    8|          0|
    |lbuf_1_load_121_reg_17091  |    8|   0|    8|          0|
    |lbuf_1_load_122_reg_17096  |    8|   0|    8|          0|
    |lbuf_1_load_123_reg_17111  |    8|   0|    8|          0|
    |lbuf_1_load_124_reg_17116  |    8|   0|    8|          0|
    |lbuf_1_load_125_reg_17131  |    8|   0|    8|          0|
    |lbuf_1_load_126_reg_17136  |    8|   0|    8|          0|
    |lbuf_1_load_127_reg_17151  |    8|   0|    8|          0|
    |lbuf_1_load_128_reg_17156  |    8|   0|    8|          0|
    |lbuf_1_load_129_reg_17171  |    8|   0|    8|          0|
    |lbuf_1_load_12_reg_15996   |    8|   0|    8|          0|
    |lbuf_1_load_130_reg_17176  |    8|   0|    8|          0|
    |lbuf_1_load_131_reg_17191  |    8|   0|    8|          0|
    |lbuf_1_load_132_reg_17196  |    8|   0|    8|          0|
    |lbuf_1_load_133_reg_17211  |    8|   0|    8|          0|
    |lbuf_1_load_134_reg_17216  |    8|   0|    8|          0|
    |lbuf_1_load_135_reg_17231  |    8|   0|    8|          0|
    |lbuf_1_load_136_reg_17236  |    8|   0|    8|          0|
    |lbuf_1_load_137_reg_17251  |    8|   0|    8|          0|
    |lbuf_1_load_138_reg_17256  |    8|   0|    8|          0|
    |lbuf_1_load_139_reg_17271  |    8|   0|    8|          0|
    |lbuf_1_load_13_reg_16011   |    8|   0|    8|          0|
    |lbuf_1_load_140_reg_17276  |    8|   0|    8|          0|
    |lbuf_1_load_141_reg_17291  |    8|   0|    8|          0|
    |lbuf_1_load_142_reg_17296  |    8|   0|    8|          0|
    |lbuf_1_load_143_reg_17311  |    8|   0|    8|          0|
    |lbuf_1_load_144_reg_17316  |    8|   0|    8|          0|
    |lbuf_1_load_145_reg_17331  |    8|   0|    8|          0|
    |lbuf_1_load_146_reg_17336  |    8|   0|    8|          0|
    |lbuf_1_load_147_reg_17351  |    8|   0|    8|          0|
    |lbuf_1_load_148_reg_17356  |    8|   0|    8|          0|
    |lbuf_1_load_149_reg_17371  |    8|   0|    8|          0|
    |lbuf_1_load_14_reg_16016   |    8|   0|    8|          0|
    |lbuf_1_load_150_reg_17376  |    8|   0|    8|          0|
    |lbuf_1_load_151_reg_17391  |    8|   0|    8|          0|
    |lbuf_1_load_152_reg_17396  |    8|   0|    8|          0|
    |lbuf_1_load_153_reg_17411  |    8|   0|    8|          0|
    |lbuf_1_load_154_reg_17416  |    8|   0|    8|          0|
    |lbuf_1_load_155_reg_17431  |    8|   0|    8|          0|
    |lbuf_1_load_156_reg_17436  |    8|   0|    8|          0|
    |lbuf_1_load_157_reg_17451  |    8|   0|    8|          0|
    |lbuf_1_load_158_reg_17456  |    8|   0|    8|          0|
    |lbuf_1_load_159_reg_17471  |    8|   0|    8|          0|
    |lbuf_1_load_15_reg_16031   |    8|   0|    8|          0|
    |lbuf_1_load_160_reg_17476  |    8|   0|    8|          0|
    |lbuf_1_load_161_reg_17491  |    8|   0|    8|          0|
    |lbuf_1_load_162_reg_17496  |    8|   0|    8|          0|
    |lbuf_1_load_163_reg_17511  |    8|   0|    8|          0|
    |lbuf_1_load_164_reg_17516  |    8|   0|    8|          0|
    |lbuf_1_load_165_reg_17531  |    8|   0|    8|          0|
    |lbuf_1_load_166_reg_17536  |    8|   0|    8|          0|
    |lbuf_1_load_167_reg_17551  |    8|   0|    8|          0|
    |lbuf_1_load_168_reg_17556  |    8|   0|    8|          0|
    |lbuf_1_load_169_reg_17571  |    8|   0|    8|          0|
    |lbuf_1_load_16_reg_16036   |    8|   0|    8|          0|
    |lbuf_1_load_170_reg_17576  |    8|   0|    8|          0|
    |lbuf_1_load_171_reg_17591  |    8|   0|    8|          0|
    |lbuf_1_load_172_reg_17596  |    8|   0|    8|          0|
    |lbuf_1_load_173_reg_17611  |    8|   0|    8|          0|
    |lbuf_1_load_174_reg_17616  |    8|   0|    8|          0|
    |lbuf_1_load_175_reg_17631  |    8|   0|    8|          0|
    |lbuf_1_load_176_reg_17636  |    8|   0|    8|          0|
    |lbuf_1_load_177_reg_17651  |    8|   0|    8|          0|
    |lbuf_1_load_178_reg_17656  |    8|   0|    8|          0|
    |lbuf_1_load_179_reg_17671  |    8|   0|    8|          0|
    |lbuf_1_load_17_reg_16051   |    8|   0|    8|          0|
    |lbuf_1_load_180_reg_17676  |    8|   0|    8|          0|
    |lbuf_1_load_181_reg_17691  |    8|   0|    8|          0|
    |lbuf_1_load_182_reg_17696  |    8|   0|    8|          0|
    |lbuf_1_load_183_reg_17711  |    8|   0|    8|          0|
    |lbuf_1_load_184_reg_17716  |    8|   0|    8|          0|
    |lbuf_1_load_185_reg_17731  |    8|   0|    8|          0|
    |lbuf_1_load_186_reg_17736  |    8|   0|    8|          0|
    |lbuf_1_load_187_reg_17751  |    8|   0|    8|          0|
    |lbuf_1_load_188_reg_17756  |    8|   0|    8|          0|
    |lbuf_1_load_189_reg_17771  |    8|   0|    8|          0|
    |lbuf_1_load_18_reg_16056   |    8|   0|    8|          0|
    |lbuf_1_load_190_reg_17776  |    8|   0|    8|          0|
    |lbuf_1_load_191_reg_17791  |    8|   0|    8|          0|
    |lbuf_1_load_192_reg_17796  |    8|   0|    8|          0|
    |lbuf_1_load_193_reg_17811  |    8|   0|    8|          0|
    |lbuf_1_load_194_reg_17816  |    8|   0|    8|          0|
    |lbuf_1_load_195_reg_17831  |    8|   0|    8|          0|
    |lbuf_1_load_196_reg_17836  |    8|   0|    8|          0|
    |lbuf_1_load_197_reg_17851  |    8|   0|    8|          0|
    |lbuf_1_load_198_reg_17856  |    8|   0|    8|          0|
    |lbuf_1_load_199_reg_17871  |    8|   0|    8|          0|
    |lbuf_1_load_19_reg_16071   |    8|   0|    8|          0|
    |lbuf_1_load_200_reg_17876  |    8|   0|    8|          0|
    |lbuf_1_load_201_reg_17891  |    8|   0|    8|          0|
    |lbuf_1_load_202_reg_17896  |    8|   0|    8|          0|
    |lbuf_1_load_203_reg_17911  |    8|   0|    8|          0|
    |lbuf_1_load_204_reg_17916  |    8|   0|    8|          0|
    |lbuf_1_load_205_reg_17931  |    8|   0|    8|          0|
    |lbuf_1_load_206_reg_17936  |    8|   0|    8|          0|
    |lbuf_1_load_207_reg_17951  |    8|   0|    8|          0|
    |lbuf_1_load_208_reg_17956  |    8|   0|    8|          0|
    |lbuf_1_load_209_reg_17971  |    8|   0|    8|          0|
    |lbuf_1_load_20_reg_16076   |    8|   0|    8|          0|
    |lbuf_1_load_210_reg_17976  |    8|   0|    8|          0|
    |lbuf_1_load_211_reg_17991  |    8|   0|    8|          0|
    |lbuf_1_load_212_reg_17996  |    8|   0|    8|          0|
    |lbuf_1_load_213_reg_18011  |    8|   0|    8|          0|
    |lbuf_1_load_214_reg_18016  |    8|   0|    8|          0|
    |lbuf_1_load_215_reg_18031  |    8|   0|    8|          0|
    |lbuf_1_load_216_reg_18036  |    8|   0|    8|          0|
    |lbuf_1_load_217_reg_18051  |    8|   0|    8|          0|
    |lbuf_1_load_218_reg_18056  |    8|   0|    8|          0|
    |lbuf_1_load_219_reg_18071  |    8|   0|    8|          0|
    |lbuf_1_load_21_reg_16091   |    8|   0|    8|          0|
    |lbuf_1_load_220_reg_18076  |    8|   0|    8|          0|
    |lbuf_1_load_221_reg_18091  |    8|   0|    8|          0|
    |lbuf_1_load_222_reg_18096  |    8|   0|    8|          0|
    |lbuf_1_load_223_reg_18111  |    8|   0|    8|          0|
    |lbuf_1_load_224_reg_18116  |    8|   0|    8|          0|
    |lbuf_1_load_225_reg_18131  |    8|   0|    8|          0|
    |lbuf_1_load_226_reg_18136  |    8|   0|    8|          0|
    |lbuf_1_load_227_reg_18151  |    8|   0|    8|          0|
    |lbuf_1_load_228_reg_18156  |    8|   0|    8|          0|
    |lbuf_1_load_229_reg_18171  |    8|   0|    8|          0|
    |lbuf_1_load_22_reg_16096   |    8|   0|    8|          0|
    |lbuf_1_load_230_reg_18176  |    8|   0|    8|          0|
    |lbuf_1_load_231_reg_18191  |    8|   0|    8|          0|
    |lbuf_1_load_232_reg_18196  |    8|   0|    8|          0|
    |lbuf_1_load_233_reg_18211  |    8|   0|    8|          0|
    |lbuf_1_load_234_reg_18216  |    8|   0|    8|          0|
    |lbuf_1_load_235_reg_18231  |    8|   0|    8|          0|
    |lbuf_1_load_236_reg_18236  |    8|   0|    8|          0|
    |lbuf_1_load_237_reg_18251  |    8|   0|    8|          0|
    |lbuf_1_load_238_reg_18256  |    8|   0|    8|          0|
    |lbuf_1_load_239_reg_18271  |    8|   0|    8|          0|
    |lbuf_1_load_23_reg_16111   |    8|   0|    8|          0|
    |lbuf_1_load_240_reg_18276  |    8|   0|    8|          0|
    |lbuf_1_load_241_reg_18291  |    8|   0|    8|          0|
    |lbuf_1_load_242_reg_18296  |    8|   0|    8|          0|
    |lbuf_1_load_243_reg_18311  |    8|   0|    8|          0|
    |lbuf_1_load_244_reg_18316  |    8|   0|    8|          0|
    |lbuf_1_load_245_reg_18331  |    8|   0|    8|          0|
    |lbuf_1_load_246_reg_18336  |    8|   0|    8|          0|
    |lbuf_1_load_247_reg_18351  |    8|   0|    8|          0|
    |lbuf_1_load_248_reg_18356  |    8|   0|    8|          0|
    |lbuf_1_load_249_reg_18371  |    8|   0|    8|          0|
    |lbuf_1_load_24_reg_16116   |    8|   0|    8|          0|
    |lbuf_1_load_250_reg_18376  |    8|   0|    8|          0|
    |lbuf_1_load_251_reg_18391  |    8|   0|    8|          0|
    |lbuf_1_load_252_reg_18396  |    8|   0|    8|          0|
    |lbuf_1_load_253_reg_18411  |    8|   0|    8|          0|
    |lbuf_1_load_254_reg_18416  |    8|   0|    8|          0|
    |lbuf_1_load_255_reg_18431  |    8|   0|    8|          0|
    |lbuf_1_load_256_reg_18436  |    8|   0|    8|          0|
    |lbuf_1_load_257_reg_18451  |    8|   0|    8|          0|
    |lbuf_1_load_258_reg_18456  |    8|   0|    8|          0|
    |lbuf_1_load_259_reg_18471  |    8|   0|    8|          0|
    |lbuf_1_load_25_reg_16131   |    8|   0|    8|          0|
    |lbuf_1_load_260_reg_18476  |    8|   0|    8|          0|
    |lbuf_1_load_261_reg_18491  |    8|   0|    8|          0|
    |lbuf_1_load_262_reg_18496  |    8|   0|    8|          0|
    |lbuf_1_load_263_reg_18511  |    8|   0|    8|          0|
    |lbuf_1_load_264_reg_18516  |    8|   0|    8|          0|
    |lbuf_1_load_265_reg_18531  |    8|   0|    8|          0|
    |lbuf_1_load_266_reg_18536  |    8|   0|    8|          0|
    |lbuf_1_load_267_reg_18551  |    8|   0|    8|          0|
    |lbuf_1_load_268_reg_18556  |    8|   0|    8|          0|
    |lbuf_1_load_269_reg_18571  |    8|   0|    8|          0|
    |lbuf_1_load_26_reg_16136   |    8|   0|    8|          0|
    |lbuf_1_load_270_reg_18576  |    8|   0|    8|          0|
    |lbuf_1_load_271_reg_18591  |    8|   0|    8|          0|
    |lbuf_1_load_272_reg_18596  |    8|   0|    8|          0|
    |lbuf_1_load_273_reg_18611  |    8|   0|    8|          0|
    |lbuf_1_load_274_reg_18616  |    8|   0|    8|          0|
    |lbuf_1_load_275_reg_18631  |    8|   0|    8|          0|
    |lbuf_1_load_276_reg_18636  |    8|   0|    8|          0|
    |lbuf_1_load_277_reg_18651  |    8|   0|    8|          0|
    |lbuf_1_load_278_reg_18656  |    8|   0|    8|          0|
    |lbuf_1_load_279_reg_18671  |    8|   0|    8|          0|
    |lbuf_1_load_27_reg_16151   |    8|   0|    8|          0|
    |lbuf_1_load_280_reg_18676  |    8|   0|    8|          0|
    |lbuf_1_load_281_reg_18691  |    8|   0|    8|          0|
    |lbuf_1_load_282_reg_18696  |    8|   0|    8|          0|
    |lbuf_1_load_283_reg_18711  |    8|   0|    8|          0|
    |lbuf_1_load_284_reg_18716  |    8|   0|    8|          0|
    |lbuf_1_load_285_reg_18731  |    8|   0|    8|          0|
    |lbuf_1_load_286_reg_18736  |    8|   0|    8|          0|
    |lbuf_1_load_287_reg_18751  |    8|   0|    8|          0|
    |lbuf_1_load_288_reg_18756  |    8|   0|    8|          0|
    |lbuf_1_load_289_reg_18771  |    8|   0|    8|          0|
    |lbuf_1_load_28_reg_16156   |    8|   0|    8|          0|
    |lbuf_1_load_290_reg_18776  |    8|   0|    8|          0|
    |lbuf_1_load_291_reg_18791  |    8|   0|    8|          0|
    |lbuf_1_load_292_reg_18796  |    8|   0|    8|          0|
    |lbuf_1_load_293_reg_18811  |    8|   0|    8|          0|
    |lbuf_1_load_294_reg_18816  |    8|   0|    8|          0|
    |lbuf_1_load_295_reg_18831  |    8|   0|    8|          0|
    |lbuf_1_load_296_reg_18836  |    8|   0|    8|          0|
    |lbuf_1_load_297_reg_18851  |    8|   0|    8|          0|
    |lbuf_1_load_298_reg_18856  |    8|   0|    8|          0|
    |lbuf_1_load_299_reg_18871  |    8|   0|    8|          0|
    |lbuf_1_load_29_reg_16171   |    8|   0|    8|          0|
    |lbuf_1_load_2_reg_15896    |    8|   0|    8|          0|
    |lbuf_1_load_300_reg_18876  |    8|   0|    8|          0|
    |lbuf_1_load_301_reg_18891  |    8|   0|    8|          0|
    |lbuf_1_load_302_reg_18896  |    8|   0|    8|          0|
    |lbuf_1_load_303_reg_18911  |    8|   0|    8|          0|
    |lbuf_1_load_304_reg_18916  |    8|   0|    8|          0|
    |lbuf_1_load_305_reg_18931  |    8|   0|    8|          0|
    |lbuf_1_load_306_reg_18936  |    8|   0|    8|          0|
    |lbuf_1_load_307_reg_18951  |    8|   0|    8|          0|
    |lbuf_1_load_308_reg_18956  |    8|   0|    8|          0|
    |lbuf_1_load_309_reg_18971  |    8|   0|    8|          0|
    |lbuf_1_load_30_reg_16176   |    8|   0|    8|          0|
    |lbuf_1_load_310_reg_18976  |    8|   0|    8|          0|
    |lbuf_1_load_311_reg_18991  |    8|   0|    8|          0|
    |lbuf_1_load_312_reg_18996  |    8|   0|    8|          0|
    |lbuf_1_load_313_reg_19011  |    8|   0|    8|          0|
    |lbuf_1_load_314_reg_19016  |    8|   0|    8|          0|
    |lbuf_1_load_315_reg_19031  |    8|   0|    8|          0|
    |lbuf_1_load_316_reg_19036  |    8|   0|    8|          0|
    |lbuf_1_load_317_reg_19051  |    8|   0|    8|          0|
    |lbuf_1_load_318_reg_19056  |    8|   0|    8|          0|
    |lbuf_1_load_319_reg_19071  |    8|   0|    8|          0|
    |lbuf_1_load_31_reg_16191   |    8|   0|    8|          0|
    |lbuf_1_load_320_reg_19076  |    8|   0|    8|          0|
    |lbuf_1_load_321_reg_19091  |    8|   0|    8|          0|
    |lbuf_1_load_322_reg_19096  |    8|   0|    8|          0|
    |lbuf_1_load_323_reg_19111  |    8|   0|    8|          0|
    |lbuf_1_load_324_reg_19116  |    8|   0|    8|          0|
    |lbuf_1_load_325_reg_19131  |    8|   0|    8|          0|
    |lbuf_1_load_326_reg_19136  |    8|   0|    8|          0|
    |lbuf_1_load_327_reg_19151  |    8|   0|    8|          0|
    |lbuf_1_load_328_reg_19156  |    8|   0|    8|          0|
    |lbuf_1_load_329_reg_19171  |    8|   0|    8|          0|
    |lbuf_1_load_32_reg_16196   |    8|   0|    8|          0|
    |lbuf_1_load_330_reg_19176  |    8|   0|    8|          0|
    |lbuf_1_load_331_reg_19191  |    8|   0|    8|          0|
    |lbuf_1_load_332_reg_19196  |    8|   0|    8|          0|
    |lbuf_1_load_333_reg_19211  |    8|   0|    8|          0|
    |lbuf_1_load_334_reg_19216  |    8|   0|    8|          0|
    |lbuf_1_load_335_reg_19231  |    8|   0|    8|          0|
    |lbuf_1_load_336_reg_19236  |    8|   0|    8|          0|
    |lbuf_1_load_337_reg_19251  |    8|   0|    8|          0|
    |lbuf_1_load_338_reg_19256  |    8|   0|    8|          0|
    |lbuf_1_load_339_reg_19271  |    8|   0|    8|          0|
    |lbuf_1_load_33_reg_16211   |    8|   0|    8|          0|
    |lbuf_1_load_340_reg_19276  |    8|   0|    8|          0|
    |lbuf_1_load_341_reg_19291  |    8|   0|    8|          0|
    |lbuf_1_load_342_reg_19296  |    8|   0|    8|          0|
    |lbuf_1_load_343_reg_19311  |    8|   0|    8|          0|
    |lbuf_1_load_344_reg_19316  |    8|   0|    8|          0|
    |lbuf_1_load_345_reg_19331  |    8|   0|    8|          0|
    |lbuf_1_load_346_reg_19336  |    8|   0|    8|          0|
    |lbuf_1_load_347_reg_19351  |    8|   0|    8|          0|
    |lbuf_1_load_348_reg_19356  |    8|   0|    8|          0|
    |lbuf_1_load_349_reg_19371  |    8|   0|    8|          0|
    |lbuf_1_load_34_reg_16216   |    8|   0|    8|          0|
    |lbuf_1_load_350_reg_19376  |    8|   0|    8|          0|
    |lbuf_1_load_351_reg_19391  |    8|   0|    8|          0|
    |lbuf_1_load_352_reg_19396  |    8|   0|    8|          0|
    |lbuf_1_load_353_reg_19411  |    8|   0|    8|          0|
    |lbuf_1_load_354_reg_19416  |    8|   0|    8|          0|
    |lbuf_1_load_355_reg_19431  |    8|   0|    8|          0|
    |lbuf_1_load_356_reg_19436  |    8|   0|    8|          0|
    |lbuf_1_load_357_reg_19451  |    8|   0|    8|          0|
    |lbuf_1_load_358_reg_19456  |    8|   0|    8|          0|
    |lbuf_1_load_359_reg_19471  |    8|   0|    8|          0|
    |lbuf_1_load_35_reg_16231   |    8|   0|    8|          0|
    |lbuf_1_load_360_reg_19476  |    8|   0|    8|          0|
    |lbuf_1_load_361_reg_19491  |    8|   0|    8|          0|
    |lbuf_1_load_362_reg_19496  |    8|   0|    8|          0|
    |lbuf_1_load_363_reg_19511  |    8|   0|    8|          0|
    |lbuf_1_load_364_reg_19516  |    8|   0|    8|          0|
    |lbuf_1_load_365_reg_19531  |    8|   0|    8|          0|
    |lbuf_1_load_366_reg_19536  |    8|   0|    8|          0|
    |lbuf_1_load_367_reg_19551  |    8|   0|    8|          0|
    |lbuf_1_load_368_reg_19556  |    8|   0|    8|          0|
    |lbuf_1_load_369_reg_19571  |    8|   0|    8|          0|
    |lbuf_1_load_36_reg_16236   |    8|   0|    8|          0|
    |lbuf_1_load_370_reg_19576  |    8|   0|    8|          0|
    |lbuf_1_load_371_reg_19591  |    8|   0|    8|          0|
    |lbuf_1_load_372_reg_19596  |    8|   0|    8|          0|
    |lbuf_1_load_373_reg_19611  |    8|   0|    8|          0|
    |lbuf_1_load_374_reg_19616  |    8|   0|    8|          0|
    |lbuf_1_load_375_reg_19631  |    8|   0|    8|          0|
    |lbuf_1_load_376_reg_19636  |    8|   0|    8|          0|
    |lbuf_1_load_377_reg_19651  |    8|   0|    8|          0|
    |lbuf_1_load_378_reg_19656  |    8|   0|    8|          0|
    |lbuf_1_load_379_reg_19671  |    8|   0|    8|          0|
    |lbuf_1_load_37_reg_16251   |    8|   0|    8|          0|
    |lbuf_1_load_380_reg_19676  |    8|   0|    8|          0|
    |lbuf_1_load_381_reg_19691  |    8|   0|    8|          0|
    |lbuf_1_load_382_reg_19696  |    8|   0|    8|          0|
    |lbuf_1_load_383_reg_19711  |    8|   0|    8|          0|
    |lbuf_1_load_384_reg_19716  |    8|   0|    8|          0|
    |lbuf_1_load_385_reg_19731  |    8|   0|    8|          0|
    |lbuf_1_load_386_reg_19736  |    8|   0|    8|          0|
    |lbuf_1_load_387_reg_19751  |    8|   0|    8|          0|
    |lbuf_1_load_388_reg_19756  |    8|   0|    8|          0|
    |lbuf_1_load_389_reg_19771  |    8|   0|    8|          0|
    |lbuf_1_load_38_reg_16256   |    8|   0|    8|          0|
    |lbuf_1_load_390_reg_19776  |    8|   0|    8|          0|
    |lbuf_1_load_391_reg_19791  |    8|   0|    8|          0|
    |lbuf_1_load_392_reg_19796  |    8|   0|    8|          0|
    |lbuf_1_load_393_reg_19811  |    8|   0|    8|          0|
    |lbuf_1_load_394_reg_19816  |    8|   0|    8|          0|
    |lbuf_1_load_395_reg_19831  |    8|   0|    8|          0|
    |lbuf_1_load_396_reg_19836  |    8|   0|    8|          0|
    |lbuf_1_load_397_reg_19851  |    8|   0|    8|          0|
    |lbuf_1_load_398_reg_19856  |    8|   0|    8|          0|
    |lbuf_1_load_399_reg_19871  |    8|   0|    8|          0|
    |lbuf_1_load_39_reg_16271   |    8|   0|    8|          0|
    |lbuf_1_load_3_reg_15911    |    8|   0|    8|          0|
    |lbuf_1_load_400_reg_19876  |    8|   0|    8|          0|
    |lbuf_1_load_401_reg_19891  |    8|   0|    8|          0|
    |lbuf_1_load_402_reg_19896  |    8|   0|    8|          0|
    |lbuf_1_load_403_reg_19911  |    8|   0|    8|          0|
    |lbuf_1_load_404_reg_19916  |    8|   0|    8|          0|
    |lbuf_1_load_405_reg_19931  |    8|   0|    8|          0|
    |lbuf_1_load_406_reg_19936  |    8|   0|    8|          0|
    |lbuf_1_load_407_reg_19951  |    8|   0|    8|          0|
    |lbuf_1_load_408_reg_19956  |    8|   0|    8|          0|
    |lbuf_1_load_409_reg_19971  |    8|   0|    8|          0|
    |lbuf_1_load_40_reg_16276   |    8|   0|    8|          0|
    |lbuf_1_load_410_reg_19976  |    8|   0|    8|          0|
    |lbuf_1_load_411_reg_19991  |    8|   0|    8|          0|
    |lbuf_1_load_412_reg_19996  |    8|   0|    8|          0|
    |lbuf_1_load_413_reg_20011  |    8|   0|    8|          0|
    |lbuf_1_load_414_reg_20016  |    8|   0|    8|          0|
    |lbuf_1_load_415_reg_20031  |    8|   0|    8|          0|
    |lbuf_1_load_416_reg_20036  |    8|   0|    8|          0|
    |lbuf_1_load_417_reg_20051  |    8|   0|    8|          0|
    |lbuf_1_load_418_reg_20056  |    8|   0|    8|          0|
    |lbuf_1_load_419_reg_20071  |    8|   0|    8|          0|
    |lbuf_1_load_41_reg_16291   |    8|   0|    8|          0|
    |lbuf_1_load_420_reg_20076  |    8|   0|    8|          0|
    |lbuf_1_load_421_reg_20091  |    8|   0|    8|          0|
    |lbuf_1_load_422_reg_20096  |    8|   0|    8|          0|
    |lbuf_1_load_423_reg_20111  |    8|   0|    8|          0|
    |lbuf_1_load_424_reg_20116  |    8|   0|    8|          0|
    |lbuf_1_load_425_reg_20131  |    8|   0|    8|          0|
    |lbuf_1_load_426_reg_20136  |    8|   0|    8|          0|
    |lbuf_1_load_427_reg_20151  |    8|   0|    8|          0|
    |lbuf_1_load_428_reg_20156  |    8|   0|    8|          0|
    |lbuf_1_load_429_reg_20171  |    8|   0|    8|          0|
    |lbuf_1_load_42_reg_16296   |    8|   0|    8|          0|
    |lbuf_1_load_430_reg_20176  |    8|   0|    8|          0|
    |lbuf_1_load_431_reg_20191  |    8|   0|    8|          0|
    |lbuf_1_load_432_reg_20196  |    8|   0|    8|          0|
    |lbuf_1_load_433_reg_20211  |    8|   0|    8|          0|
    |lbuf_1_load_434_reg_20216  |    8|   0|    8|          0|
    |lbuf_1_load_435_reg_20231  |    8|   0|    8|          0|
    |lbuf_1_load_436_reg_20236  |    8|   0|    8|          0|
    |lbuf_1_load_437_reg_20251  |    8|   0|    8|          0|
    |lbuf_1_load_438_reg_20256  |    8|   0|    8|          0|
    |lbuf_1_load_439_reg_20271  |    8|   0|    8|          0|
    |lbuf_1_load_43_reg_16311   |    8|   0|    8|          0|
    |lbuf_1_load_440_reg_20276  |    8|   0|    8|          0|
    |lbuf_1_load_441_reg_20291  |    8|   0|    8|          0|
    |lbuf_1_load_442_reg_20296  |    8|   0|    8|          0|
    |lbuf_1_load_443_reg_20311  |    8|   0|    8|          0|
    |lbuf_1_load_444_reg_20316  |    8|   0|    8|          0|
    |lbuf_1_load_445_reg_20331  |    8|   0|    8|          0|
    |lbuf_1_load_446_reg_20336  |    8|   0|    8|          0|
    |lbuf_1_load_447_reg_20351  |    8|   0|    8|          0|
    |lbuf_1_load_448_reg_20356  |    8|   0|    8|          0|
    |lbuf_1_load_449_reg_20371  |    8|   0|    8|          0|
    |lbuf_1_load_44_reg_16316   |    8|   0|    8|          0|
    |lbuf_1_load_450_reg_20376  |    8|   0|    8|          0|
    |lbuf_1_load_451_reg_20391  |    8|   0|    8|          0|
    |lbuf_1_load_452_reg_20396  |    8|   0|    8|          0|
    |lbuf_1_load_453_reg_20411  |    8|   0|    8|          0|
    |lbuf_1_load_454_reg_20416  |    8|   0|    8|          0|
    |lbuf_1_load_455_reg_20431  |    8|   0|    8|          0|
    |lbuf_1_load_456_reg_20436  |    8|   0|    8|          0|
    |lbuf_1_load_457_reg_20451  |    8|   0|    8|          0|
    |lbuf_1_load_458_reg_20456  |    8|   0|    8|          0|
    |lbuf_1_load_459_reg_20471  |    8|   0|    8|          0|
    |lbuf_1_load_45_reg_16331   |    8|   0|    8|          0|
    |lbuf_1_load_460_reg_20476  |    8|   0|    8|          0|
    |lbuf_1_load_461_reg_20491  |    8|   0|    8|          0|
    |lbuf_1_load_462_reg_20496  |    8|   0|    8|          0|
    |lbuf_1_load_463_reg_20511  |    8|   0|    8|          0|
    |lbuf_1_load_464_reg_20516  |    8|   0|    8|          0|
    |lbuf_1_load_465_reg_20531  |    8|   0|    8|          0|
    |lbuf_1_load_466_reg_20536  |    8|   0|    8|          0|
    |lbuf_1_load_467_reg_20551  |    8|   0|    8|          0|
    |lbuf_1_load_468_reg_20556  |    8|   0|    8|          0|
    |lbuf_1_load_469_reg_20571  |    8|   0|    8|          0|
    |lbuf_1_load_46_reg_16336   |    8|   0|    8|          0|
    |lbuf_1_load_470_reg_20576  |    8|   0|    8|          0|
    |lbuf_1_load_471_reg_20591  |    8|   0|    8|          0|
    |lbuf_1_load_472_reg_20596  |    8|   0|    8|          0|
    |lbuf_1_load_473_reg_20611  |    8|   0|    8|          0|
    |lbuf_1_load_474_reg_20616  |    8|   0|    8|          0|
    |lbuf_1_load_475_reg_20631  |    8|   0|    8|          0|
    |lbuf_1_load_476_reg_20636  |    8|   0|    8|          0|
    |lbuf_1_load_477_reg_20651  |    8|   0|    8|          0|
    |lbuf_1_load_478_reg_20656  |    8|   0|    8|          0|
    |lbuf_1_load_479_reg_20671  |    8|   0|    8|          0|
    |lbuf_1_load_47_reg_16351   |    8|   0|    8|          0|
    |lbuf_1_load_480_reg_20676  |    8|   0|    8|          0|
    |lbuf_1_load_481_reg_20691  |    8|   0|    8|          0|
    |lbuf_1_load_482_reg_20696  |    8|   0|    8|          0|
    |lbuf_1_load_483_reg_20711  |    8|   0|    8|          0|
    |lbuf_1_load_484_reg_20716  |    8|   0|    8|          0|
    |lbuf_1_load_485_reg_20731  |    8|   0|    8|          0|
    |lbuf_1_load_486_reg_20736  |    8|   0|    8|          0|
    |lbuf_1_load_487_reg_20751  |    8|   0|    8|          0|
    |lbuf_1_load_488_reg_20756  |    8|   0|    8|          0|
    |lbuf_1_load_489_reg_20771  |    8|   0|    8|          0|
    |lbuf_1_load_48_reg_16356   |    8|   0|    8|          0|
    |lbuf_1_load_490_reg_20776  |    8|   0|    8|          0|
    |lbuf_1_load_491_reg_20791  |    8|   0|    8|          0|
    |lbuf_1_load_492_reg_20796  |    8|   0|    8|          0|
    |lbuf_1_load_493_reg_20811  |    8|   0|    8|          0|
    |lbuf_1_load_494_reg_20816  |    8|   0|    8|          0|
    |lbuf_1_load_495_reg_20831  |    8|   0|    8|          0|
    |lbuf_1_load_496_reg_20836  |    8|   0|    8|          0|
    |lbuf_1_load_497_reg_20851  |    8|   0|    8|          0|
    |lbuf_1_load_498_reg_20856  |    8|   0|    8|          0|
    |lbuf_1_load_499_reg_20871  |    8|   0|    8|          0|
    |lbuf_1_load_49_reg_16371   |    8|   0|    8|          0|
    |lbuf_1_load_4_reg_15916    |    8|   0|    8|          0|
    |lbuf_1_load_500_reg_20876  |    8|   0|    8|          0|
    |lbuf_1_load_501_reg_20891  |    8|   0|    8|          0|
    |lbuf_1_load_502_reg_20896  |    8|   0|    8|          0|
    |lbuf_1_load_503_reg_20911  |    8|   0|    8|          0|
    |lbuf_1_load_504_reg_20916  |    8|   0|    8|          0|
    |lbuf_1_load_506_reg_20926  |    8|   0|    8|          0|
    |lbuf_1_load_50_reg_16376   |    8|   0|    8|          0|
    |lbuf_1_load_51_reg_16391   |    8|   0|    8|          0|
    |lbuf_1_load_52_reg_16396   |    8|   0|    8|          0|
    |lbuf_1_load_53_reg_16411   |    8|   0|    8|          0|
    |lbuf_1_load_54_reg_16416   |    8|   0|    8|          0|
    |lbuf_1_load_55_reg_16431   |    8|   0|    8|          0|
    |lbuf_1_load_56_reg_16436   |    8|   0|    8|          0|
    |lbuf_1_load_57_reg_16451   |    8|   0|    8|          0|
    |lbuf_1_load_58_reg_16456   |    8|   0|    8|          0|
    |lbuf_1_load_59_reg_16471   |    8|   0|    8|          0|
    |lbuf_1_load_5_reg_15931    |    8|   0|    8|          0|
    |lbuf_1_load_60_reg_16476   |    8|   0|    8|          0|
    |lbuf_1_load_61_reg_16491   |    8|   0|    8|          0|
    |lbuf_1_load_62_reg_16496   |    8|   0|    8|          0|
    |lbuf_1_load_63_reg_16511   |    8|   0|    8|          0|
    |lbuf_1_load_64_reg_16516   |    8|   0|    8|          0|
    |lbuf_1_load_65_reg_16531   |    8|   0|    8|          0|
    |lbuf_1_load_66_reg_16536   |    8|   0|    8|          0|
    |lbuf_1_load_67_reg_16551   |    8|   0|    8|          0|
    |lbuf_1_load_68_reg_16556   |    8|   0|    8|          0|
    |lbuf_1_load_69_reg_16571   |    8|   0|    8|          0|
    |lbuf_1_load_6_reg_15936    |    8|   0|    8|          0|
    |lbuf_1_load_70_reg_16576   |    8|   0|    8|          0|
    |lbuf_1_load_71_reg_16591   |    8|   0|    8|          0|
    |lbuf_1_load_72_reg_16596   |    8|   0|    8|          0|
    |lbuf_1_load_73_reg_16611   |    8|   0|    8|          0|
    |lbuf_1_load_74_reg_16616   |    8|   0|    8|          0|
    |lbuf_1_load_75_reg_16631   |    8|   0|    8|          0|
    |lbuf_1_load_76_reg_16636   |    8|   0|    8|          0|
    |lbuf_1_load_77_reg_16651   |    8|   0|    8|          0|
    |lbuf_1_load_78_reg_16656   |    8|   0|    8|          0|
    |lbuf_1_load_79_reg_16671   |    8|   0|    8|          0|
    |lbuf_1_load_7_reg_15951    |    8|   0|    8|          0|
    |lbuf_1_load_80_reg_16676   |    8|   0|    8|          0|
    |lbuf_1_load_81_reg_16691   |    8|   0|    8|          0|
    |lbuf_1_load_82_reg_16696   |    8|   0|    8|          0|
    |lbuf_1_load_83_reg_16711   |    8|   0|    8|          0|
    |lbuf_1_load_84_reg_16716   |    8|   0|    8|          0|
    |lbuf_1_load_85_reg_16731   |    8|   0|    8|          0|
    |lbuf_1_load_86_reg_16736   |    8|   0|    8|          0|
    |lbuf_1_load_87_reg_16751   |    8|   0|    8|          0|
    |lbuf_1_load_88_reg_16756   |    8|   0|    8|          0|
    |lbuf_1_load_89_reg_16771   |    8|   0|    8|          0|
    |lbuf_1_load_8_reg_15956    |    8|   0|    8|          0|
    |lbuf_1_load_90_reg_16776   |    8|   0|    8|          0|
    |lbuf_1_load_91_reg_16791   |    8|   0|    8|          0|
    |lbuf_1_load_92_reg_16796   |    8|   0|    8|          0|
    |lbuf_1_load_93_reg_16811   |    8|   0|    8|          0|
    |lbuf_1_load_94_reg_16816   |    8|   0|    8|          0|
    |lbuf_1_load_95_reg_16831   |    8|   0|    8|          0|
    |lbuf_1_load_96_reg_16836   |    8|   0|    8|          0|
    |lbuf_1_load_97_reg_16851   |    8|   0|    8|          0|
    |lbuf_1_load_98_reg_16856   |    8|   0|    8|          0|
    |lbuf_1_load_99_reg_16871   |    8|   0|    8|          0|
    |lbuf_1_load_9_reg_15971    |    8|   0|    8|          0|
    |reg_9400                   |    8|   0|    8|          0|
    |reg_9406                   |    8|   0|    8|          0|
    |reg_9412                   |    8|   0|    8|          0|
    |reg_9418                   |    8|   0|    8|          0|
    |result_1_4_reg_20934       |   12|   0|   12|          0|
    |sin_V_data_V_0_payload_A   |    8|   0|    8|          0|
    |sin_V_data_V_0_payload_B   |    8|   0|    8|          0|
    |sin_V_data_V_0_sel_rd      |    1|   0|    1|          0|
    |sin_V_data_V_0_sel_wr      |    1|   0|    1|          0|
    |sin_V_data_V_0_state       |    2|   0|    2|          0|
    |sin_V_dest_V_0_state       |    2|   0|    2|          0|
    |sout_V_data_V_1_payload_A  |    8|   0|    8|          0|
    |sout_V_data_V_1_payload_B  |    8|   0|    8|          0|
    |sout_V_data_V_1_sel_rd     |    1|   0|    1|          0|
    |sout_V_data_V_1_sel_wr     |    1|   0|    1|          0|
    |sout_V_data_V_1_state      |    2|   0|    2|          0|
    |sout_V_dest_V_1_sel_rd     |    1|   0|    1|          0|
    |sout_V_dest_V_1_state      |    2|   0|    2|          0|
    |sout_V_id_V_1_sel_rd       |    1|   0|    1|          0|
    |sout_V_id_V_1_state        |    2|   0|    2|          0|
    |sout_V_keep_V_1_sel_rd     |    1|   0|    1|          0|
    |sout_V_keep_V_1_state      |    2|   0|    2|          0|
    |sout_V_last_V_1_payload_A  |    1|   0|    1|          0|
    |sout_V_last_V_1_payload_B  |    1|   0|    1|          0|
    |sout_V_last_V_1_sel_rd     |    1|   0|    1|          0|
    |sout_V_last_V_1_sel_wr     |    1|   0|    1|          0|
    |sout_V_last_V_1_state      |    2|   0|    2|          0|
    |sout_V_strb_V_1_sel_rd     |    1|   0|    1|          0|
    |sout_V_strb_V_1_state      |    2|   0|    2|          0|
    |sout_V_user_V_1_sel_rd     |    1|   0|    1|          0|
    |sout_V_user_V_1_state      |    2|   0|    2|          0|
    |tmp7_reg_20939             |    9|   0|    9|          0|
    |tmp8_reg_20944             |    8|   0|    8|          0|
    |tmp_7_reg_20954            |    1|   0|    1|          0|
    +---------------------------+-----+----+-----+-----------+
    |Total                      | 8867|   0| 8867|          0|
    +---------------------------+-----+----+-----+-----------+



================================================================
== Interface
================================================================
* Summary: 
+-------------+-----+-----+--------------+---------------+--------------+
|  RTL Ports  | Dir | Bits|   Protocol   | Source Object |    C Type    |
+-------------+-----+-----+--------------+---------------+--------------+
|ap_clk       |  in |    1| ap_ctrl_none |    hw_conv    | return value |
|ap_rst_n     |  in |    1| ap_ctrl_none |    hw_conv    | return value |
|sin_TDATA    |  in |    8|     axis     |  sin_V_data_V |    pointer   |
|sin_TVALID   |  in |    1|     axis     |  sin_V_dest_V |    pointer   |
|sin_TREADY   | out |    1|     axis     |  sin_V_dest_V |    pointer   |
|sin_TDEST    |  in |    1|     axis     |  sin_V_dest_V |    pointer   |
|sin_TKEEP    |  in |    1|     axis     |  sin_V_keep_V |    pointer   |
|sin_TSTRB    |  in |    1|     axis     |  sin_V_strb_V |    pointer   |
|sin_TUSER    |  in |    1|     axis     |  sin_V_user_V |    pointer   |
|sin_TLAST    |  in |    1|     axis     |  sin_V_last_V |    pointer   |
|sin_TID      |  in |    1|     axis     |   sin_V_id_V  |    pointer   |
|sout_TDATA   | out |    8|     axis     | sout_V_data_V |    pointer   |
|sout_TREADY  |  in |    1|     axis     | sout_V_data_V |    pointer   |
|sout_TVALID  | out |    1|     axis     | sout_V_dest_V |    pointer   |
|sout_TDEST   | out |    1|     axis     | sout_V_dest_V |    pointer   |
|sout_TKEEP   | out |    1|     axis     | sout_V_keep_V |    pointer   |
|sout_TSTRB   | out |    1|     axis     | sout_V_strb_V |    pointer   |
|sout_TUSER   | out |    1|     axis     | sout_V_user_V |    pointer   |
|sout_TLAST   | out |    1|     axis     | sout_V_last_V |    pointer   |
|sout_TID     | out |    1|     axis     |  sout_V_id_V  |    pointer   |
+-------------+-----+-----+--------------+---------------+--------------+

